// Jest Snapshot v1, https://goo.gl/fbAQLP

exports[`tests carrito Carrito debe mostrar precio total 1`] = `
<div
  class="col-md-2 d-none d-md-block bg-light sidebar nav"
>
  <div
    class="sidebar-sticky"
  />
  <div
    class="nav-item"
  >
    <h6>
      hamburguesa sencilla
    </h6>
    <span>
      Cantidad: 
      2
    </span>
    <svg
      data-testid="remove_1"
      fill="currentColor"
      height="1em"
      viewBox="0 0 16 16"
      width="1em"
      xmlns="http://www.w3.org/2000/svg"
    >
      <path
        d="M4 8a.5.5 0 0 1 .5-.5h7a.5.5 0 0 1 0 1h-7A.5.5 0 0 1 4 8z"
      />
    </svg>
    <svg
      data-testid="add_1"
      fill="currentColor"
      height="1em"
      viewBox="0 0 16 16"
      width="1em"
      xmlns="http://www.w3.org/2000/svg"
    >
      <path
        d="M8 4a.5.5 0 0 1 .5.5v3h3a.5.5 0 0 1 0 1h-3v3a.5.5 0 0 1-1 0v-3h-3a.5.5 0 0 1 0-1h3v-3A.5.5 0 0 1 8 4z"
      />
    </svg>
    <br />
    <br />
  </div>
  <div>
    Total: 
    20000
  </div>
  <div>
    Forma de pago:
    <select>
      <option
        value="DATAFONO"
      >
        DATAFONO
      </option>
      <option
        value="EFECTIVO"
      >
        EFECTIVO
      </option>
    </select>
  </div>
  <button
    class="btn btn-primary"
    type="button"
  >
    Hacer pedido
  </button>
</div>
`;
